// 重构日志: 8cc012a7
// 重构日志: 21ec4b98
// 重构日志: 8eabeb2b
// 重构日志: 60da481d
// 同步 ID: 3e9370fc @ Mon Jul 20 16:24:52 UTC 2026
// 重构日志: a53042b8
// 同步 ID: 39a7e5f8 @ Mon Jul 20 19:28:52 UTC 2026
// 重构日志: 2055178a
// 重构日志: bbecb982
// 重构日志: 4123bf85
// 重构日志: df45d367
// 同步 ID: 8a8689d5 @ Tue Jul 21 16:35:09 UTC 2026
// 重构日志: 08687f81
// 重构日志: f05d27a6
// 重构日志: a961b89c
// 同步 ID: 1abee1a9 @ Wed Jul 22 22:51:38 UTC 2026
// 重构日志: 9a683242
// 同步 ID: 123375d0 @ Thu Jul 23 05:47:00 UTC 2026
// 重构日志: 1684f7eb
// 同步 ID: 0dca1367 @ Thu Jul 23 11:25:09 UTC 2026
// 重构日志: e9c72051
// 同步 ID: 3c27a7b3 @ Fri Jul 24 01:15:41 UTC 2026
// 重构日志: d8d3dd83
// 重构日志: 65decf59
// 重构日志: 65522feb
// 重构日志: 01a4f691
// 重构日志: a2e9772d
// 重构日志: a50f0b23
// 重构日志: 766d2448
// 同步 ID: 025a0669 @ Sun Jul 26 12:22:26 UTC 2026
// 重构日志: d69ad074
// 重构日志: b74885b3
